src/app/holidays/page.tsx(23,20): error TS2352: Conversion of type '{ profiles: any; id: string; name: string; start_date: string; end_date: string; type: "public" | "individual"; member_id: string | null; startDate: string; endDate: string; memberId: string | null; note: string | null; createdAt: string | null; }[]' to type 'Holiday[]' may be a mistake because neither type sufficiently overlaps with the other. If this was intentional, convert the expression to 'unknown' first.
  Property 'created_at' is missing in type '{ profiles: any; id: string; name: string; start_date: string; end_date: string; type: "public" | "individual"; member_id: string | null; startDate: string; endDate: string; memberId: string | null; note: string | null; createdAt: string | null; }' but required in type 'Holiday'.
src/app/holidays/page.tsx(41,13): error TS2322: Type 'User | null' is not assignable to type '{ id: string; email?: string | undefined; display_name?: string | null | undefined; avatar_url?: string | null | undefined; } | null | undefined'.
  Type 'User' is not assignable to type '{ id: string; email?: string | undefined; display_name?: string | null | undefined; avatar_url?: string | null | undefined; }'.
    Types of property 'id' are incompatible.
      Type 'string | undefined' is not assignable to type 'string'.
        Type 'undefined' is not assignable to type 'string'.
src/app/profile/page.tsx(26,19): error TS2322: Type 'User | { display_name: string | null; avatar_url: string | null; is_admin: boolean | null; id?: string | undefined; name?: string | null | undefined; email?: string | null | undefined; image?: string | ... 1 more ... | undefined; }' is not assignable to type '{ id: string; email?: string | undefined; display_name?: string | null | undefined; avatar_url?: string | null | undefined; }'.
  Type 'User' is not assignable to type '{ id: string; email?: string | undefined; display_name?: string | null | undefined; avatar_url?: string | null | undefined; }'.
    Types of property 'id' are incompatible.
      Type 'string | undefined' is not assignable to type 'string'.
        Type 'undefined' is not assignable to type 'string'.
src/app/profile/page.tsx(36,24): error TS2322: Type 'User | { display_name: string | null; avatar_url: string | null; is_admin: boolean | null; id?: string | undefined; name?: string | null | undefined; email?: string | null | undefined; image?: string | ... 1 more ... | undefined; }' is not assignable to type '{ id: string; display_name?: string | null | undefined; avatar_url?: string | null | undefined; email?: string | undefined; }'.
  Type 'User' is not assignable to type '{ id: string; display_name?: string | null | undefined; avatar_url?: string | null | undefined; email?: string | undefined; }'.
    Types of property 'id' are incompatible.
      Type 'string | undefined' is not assignable to type 'string'.
        Type 'undefined' is not assignable to type 'string'.
src/app/projects/page.tsx(55,40): error TS2322: Type 'User | { display_name: string | null; avatar_url: string | null; is_admin: boolean | null; id?: string | undefined; name?: string | null | undefined; email?: string | null | undefined; image?: string | ... 1 more ... | undefined; }' is not assignable to type '{ id: string; email?: string | undefined; display_name?: string | null | undefined; avatar_url?: string | null | undefined; }'.
  Type 'User' is not assignable to type '{ id: string; email?: string | undefined; display_name?: string | null | undefined; avatar_url?: string | null | undefined; }'.
    Types of property 'id' are incompatible.
      Type 'string | undefined' is not assignable to type 'string'.
        Type 'undefined' is not assignable to type 'string'.
src/app/settings/page.tsx(26,19): error TS2322: Type 'User | { display_name: string | null; avatar_url: string | null; is_admin: boolean | null; id?: string | undefined; name?: string | null | undefined; email?: string | null | undefined; image?: string | ... 1 more ... | undefined; }' is not assignable to type '{ id: string; email?: string | undefined; display_name?: string | null | undefined; avatar_url?: string | null | undefined; }'.
  Type 'User' is not assignable to type '{ id: string; email?: string | undefined; display_name?: string | null | undefined; avatar_url?: string | null | undefined; }'.
    Types of property 'id' are incompatible.
      Type 'string | undefined' is not assignable to type 'string'.
        Type 'undefined' is not assignable to type 'string'.
src/components/auth/UserMenu.tsx(32,17): error TS2339: Property 'error' does not exist on type '{ success: boolean; }'.
src/components/projects/members/TeamManagementView.tsx(46,30): error TS2345: Argument of type '{ id: string; display_name: string | null; avatar_url: string | null; email: string | null; }[]' is not assignable to parameter of type 'SetStateAction<{ id: string; display_name: string; email: string; }[]>'.
  Type '{ id: string; display_name: string | null; avatar_url: string | null; email: string | null; }[]' is not assignable to type '{ id: string; display_name: string; email: string; }[]'.
    Type '{ id: string; display_name: string | null; avatar_url: string | null; email: string | null; }' is not assignable to type '{ id: string; display_name: string; email: string; }'.
      Types of property 'display_name' are incompatible.
        Type 'string | null' is not assignable to type 'string'.
          Type 'null' is not assignable to type 'string'.
src/hooks/use-holidays.ts(67,17): error TS2322: Type '"public_holiday" | "member_leave" | "business_trip" | "workshop" | "other"' is not assignable to type '"public" | "individual"'.
  Type '"public_holiday"' is not assignable to type '"public" | "individual"'.
src/hooks/use-holidays.ts(72,25): error TS2345: Argument of type '(prev: Holiday[]) => (Holiday | { type: "public_holiday" | "member_leave" | "business_trip" | "workshop" | "other"; profiles: HolidayProfile | null; ... 6 more ...; note: string | null; })[]' is not assignable to parameter of type 'SetStateAction<Holiday[]>'.
  Type '(prev: Holiday[]) => (Holiday | { type: "public_holiday" | "member_leave" | "business_trip" | "workshop" | "other"; profiles: HolidayProfile | null; ... 6 more ...; note: string | null; })[]' is not assignable to type '(prevState: Holiday[]) => Holiday[]'.
    Type '(Holiday | { type: "public_holiday" | "member_leave" | "business_trip" | "workshop" | "other"; profiles: HolidayProfile | null; id: string; name: string; ... 4 more ...; note: string | null; })[]' is not assignable to type 'Holiday[]'.
      Type 'Holiday | { type: "public_holiday" | "member_leave" | "business_trip" | "workshop" | "other"; profiles: HolidayProfile | null; id: string; name: string; ... 4 more ...; note: string | null; }' is not assignable to type 'Holiday'.
        Type '{ type: "public_holiday" | "member_leave" | "business_trip" | "workshop" | "other"; profiles: HolidayProfile | null; id: string; name: string; createdAt: string | null; startDate: string; endDate: string; memberId: string | null; note: string | null; }' is missing the following properties from type 'Holiday': start_date, end_date, member_id, created_at
src/hooks/use-holidays.ts(101,17): error TS2322: Type '"public_holiday" | "member_leave" | "business_trip" | "workshop" | "other"' is not assignable to type '"public" | "individual" | undefined'.
  Type '"public_holiday"' is not assignable to type '"public" | "individual" | undefined'.
src/hooks/use-holidays.ts(106,43): error TS2551: Property 'member_id' does not exist on type '{ id: string; name: string; startDate: string; endDate: string; type: "public" | "individual"; memberId: string | null; note: string | null; createdAt: string | null; }'. Did you mean 'memberId'?
src/hooks/use-holidays.ts(106,91): error TS2551: Property 'member_id' does not exist on type '{ id: string; name: string; startDate: string; endDate: string; type: "public" | "individual"; memberId: string | null; note: string | null; createdAt: string | null; }'. Did you mean 'memberId'?
src/hooks/use-tasks.ts(32,46): error TS2345: Argument of type '{ assignee_id?: string | null | undefined; color?: string | null | undefined; created_at?: string | null | undefined; description?: string | null | undefined; end_date?: string | null | undefined; ... 9 more ...; updated_at?: string | ... 1 more ... | undefined; }' is not assignable to parameter of type '{ projectId: string; title: string; id?: string | undefined; updatedAt?: string | null | undefined; description?: string | null | undefined; isDeleted?: boolean | null | undefined; createdAt?: string | ... 1 more ... | undefined; ... 7 more ...; color?: string | ... 1 more ... | undefined; }'.
  Property 'projectId' is missing in type '{ assignee_id?: string | null | undefined; color?: string | null | undefined; created_at?: string | null | undefined; description?: string | null | undefined; end_date?: string | null | undefined; ... 9 more ...; updated_at?: string | ... 1 more ... | undefined; }' but required in type '{ projectId: string; title: string; id?: string | undefined; updatedAt?: string | null | undefined; description?: string | null | undefined; isDeleted?: boolean | null | undefined; createdAt?: string | ... 1 more ... | undefined; ... 7 more ...; color?: string | ... 1 more ... | undefined; }'.
src/hooks/use-tasks.ts(33,40): error TS2352: Conversion of type '{ id: string; updatedAt: string | null; description: string | null; isDeleted: boolean | null; createdAt: string | null; projectId: string; title: string; status: "todo" | "in_progress" | "review" | "done" | null; ... 6 more ...; color: string | null; }' to type '{ assignee_id: string | null; color: string | null; created_at: string | null; description: string | null; end_date: string | null; id: string; is_deleted: boolean | null; parent_id: string | null; ... 6 more ...; updated_at: string | null; }' may be a mistake because neither type sufficiently overlaps with the other. If this was intentional, convert the expression to 'unknown' first.
  Type '{ id: string; updatedAt: string | null; description: string | null; isDeleted: boolean | null; createdAt: string | null; projectId: string; title: string; status: "todo" | "in_progress" | "review" | "done" | null; ... 6 more ...; color: string | null; }' is missing the following properties from type '{ assignee_id: string | null; color: string | null; created_at: string | null; description: string | null; end_date: string | null; id: string; is_deleted: boolean | null; parent_id: string | null; ... 6 more ...; updated_at: string | null; }': assignee_id, created_at, end_date, is_deleted, and 4 more.
